Run on commit 9113c353 of file scatterometer.on
--------------------------------

ADC_Bits_pp: 0.1194|63.25 bits -- ADC Max output bits peak to peak (scatterometer)
ADC_Vin_pp: 0.1154|61.17 mV -- DC Voltage In Pk to Pk (scatterometer)
A_c: 789600000000000.0|1783000000000000.0 km^2 -- Measurement cell area (scatterometer)
B: 2429.0 kHz -- Echo bandwidth (scatterometer)
BRF: 0.04523 kHz -- Burst repetition frequency (scatterometer)
B_Dc: 9.23|21.35 kHz -- Doppler bandwidth across a single measurement cell (scatterometer)
B_Dx: 21.35 kHz -- Doppler bandwidth across the cross-track footprint (scatterometer)
B_Dy: 138.5 kHz -- Doppler bandwidth across the along-track footprint (scatterometer)
B_bp: 2.068 MHz -- Target bandpass filter width (scatterometer)
B_f: 9766.0 Hz -- FFT bin width (scatterometer)
B_n: 4.006 MHz -- Necessary bandwidth (scatterometer)
B_r: 2.03 MHz -- Receive bandwidth (scatterometer)
B_t: 2000.0 kHz -- Radar transmit bandwidth (scatterometer)
B_x: -399.0 kHz -- Excess bandwidth (scatterometer)
C: 0.4524|0.5678  -- Coverage fraction (scatterometer)
C_I: 0.0  -- Coherent integration (scatterometer)
C_e: 0.4546|0.5706  -- Equatorial coverage fraction (scatterometer)
C_l: 1.0  -- Local coverage fraction (scatterometer)
C_s: 0.9952  -- Simple coverage fraction (scatterometer)
D_r: 0.2261  -- Duty cycle (scatterometer)
Delta: 0.001953 V -- Quantization step size (scatterometer)
DeltaT_f: 0.8063 us -- FFT Time Step (scatterometer)
EIRP: 11980.0|18750.0 W -- Effective isotropic radiated power (scatterometer)
F: 11.72|91.12  -- Flavor count (scatterometer)
F_F: 1.0  -- Focus factor (scatterometer)
F_a: 1.0  -- Spatial averaging factor (scatterometer)
F_d: 11.09|52.16  -- Dwell flavors (scatterometer)
F_f: 4.0  -- Flavor averaging factor (scatterometer)
F_n: 1.622  -- Receiver noise factor (scatterometer)
F_omega: 4.228|6.987  -- Scan factor (scatterometer)
GMF: NSCAT | NSCAT -- Geophysical model function (scatterometer)
G_egamma: 0.0 km -- Azimuthal geolocation error (scatterometer)
G_er: 0.0 km -- Radial geolocation error (scatterometer)
G_f: 199.7|312.5  -- Frontend gain (scatterometer)
K_p: 0.003452|8.108  -- Normalized standard deviation (scatterometer)
L: 5.546e+26|6.968e+27 m^4 -- Total loss (scatterometer)
L_D: 1.197  -- Doppler loss (scatterometer)
L_Rx: 4.865|6.193 dB -- Total loss after antenna input (scatterometer)
L_a: 1.12  -- Atmospheric loss (scatterometer)
L_in: 1.809e+26|1.674e+27 m^4 -- Total loss at antenna input (scatterometer)
L_p: 1.613e+26|1.485e+27 m^4 -- Free-space path loss (scatterometer)
L_r: 4.0|5.0 dB -- Receive loss (scatterometer)
L_s: 2.874|3.922  -- Total system loss (scatterometer)
L_sm: 1.001|1.007  -- Smear loss (scatterometer)
L_sp: 1.02|1.1  -- Signal processing loss (scatterometer)
L_t: 1.0  -- Transmit loss (scatterometer)
L_tau: 1.0  -- Pulse loss (scatterometer)
Mixer_Pout: -92.38|-37.89 dBmW -- Mixer Power (scatterometer)
Mixer_Vpp: 0.01924|10.19 mV -- Mixer Vout Peak-to-Peak (scatterometer)
Mixer_Vrms: 0.01361|7.209 mV -- Mixer Vout RMS (scatterometer)
NESZ: 7.007e-05|0.0009741  -- Noise-equivalent Sigma Zero (scatterometer)
N_b: 15.0  -- Number of co-processed resolution bins (scatterometer)
N_f: 127.0  -- Number of FFTs (scatterometer)
N_rs: 8905.0|15510.0  -- Number of samples in the time of flight (scatterometer)
O_D: none | none -- Doppler compensation mode (scatterometer)
O_c: LFM | LFM -- Compression mode (scatterometer)
O_r: polar | polar -- Resolution mode (scatterometer)
Omega: 84.37 deg -- Maximum latitude of swath (scatterometer)
PRF: 90.45 Hz -- Pulse repetition frequency (scatterometer)
P_N: -132.2|-130.7 dBmW -- Noise power (scatterometer)
P_S: -164.5|-110.3 dBmW -- Received signal power (scatterometer)
P_S_test: -100.0 dBmW -- Test Signal Power (scatterometer)
P_max: 145.0|175.8 W -- Satellite peak power (scatterometer)
P_qn: 3.179e-07 V^2 -- Quantization noise power (scatterometer)
P_r: -188.3|-135.4 dBW -- Signal Power at antenna (scatterometer)
P_rs: 4.0|5.5 W -- Scatterometer support power (scatterometer)
P_s: 32.85|40.97 W -- Scatterometer power (scatterometer)
P_s_: 31.21|38.92 W -- Orbital average scatterometer power (scatterometer)
P_sp: 131.6|162.4 W -- Scatterometer peak power (scatterometer)
P_t: 60.0 W -- Radar transmit power (scatterometer)
Power_front: -84.38|-29.89 dBmW -- Front End Recieve Power (scatterometer)
R: 28.1|42.22 km -- Average spatial resolution (scatterometer)
R_I: 50.0 Ohm -- Impedance (scatterometer)
R_IQ: 80.0 Mbps -- IQ datarate (scatterometer)
R_T_: 8740.0|9105.0 bps -- Average data collection rate (scatterometer)
R_c: 800.0 MHz/s -- Chirp rate (scatterometer)
R_d: 9093.0 bps -- Radar data collection rate (scatterometer)
R_d_: 8639.0 bps -- Average radar data collection rate (scatterometer)
R_g: 152.1|748.8 km -- Ground range (scatterometer)
R_s: 533.9|930.0 km -- Slant range (scatterometer)
SNR: 30.11|41.54 dB -- Signal-to-noise ratio (scatterometer)
SNR_test: 30.74|32.18 dB -- Test SNR (scatterometer)
S_IQ: 32.0 b -- Sample size (scatterometer)
S_N: -33.73|21.92 dB -- Signal to noise ratio (scatterometer)
S_adc: 10.0 b -- ADC bit resolution (scatterometer)
S_d: 0.4233|4.177 km -- Dwell step (scatterometer)
S_df: 1.057 km -- Dwell flight step (scatterometer)
S_ds: 0.6339|3.12 km -- Dwell scan step (scatterometer)
S_f: 256.0  -- FFT size (scatterometer)
S_int: 32.0 b -- Max integer size (scatterometer)
S_sigma0: 4.0 B -- Pulse data size (scatterometer)
S_sigma0IQ: 65.54 kB -- Pulse size (scatterometer)
S_tau: 0.0312|0.3079 km -- Pulse step (scatterometer)
S_tf: 0.07792 km -- Pulse flight step (scatterometer)
S_ts: 0.04672|0.23 km -- Pulse scan step (scatterometer)
T: 263.0|303.0 K -- Temperature (scatterometer)
TB: 5000.0  -- Time-bandwidth product (scatterometer)
T_S: 303.3|357.6 K -- Equilibrium sunlit temperature (scatterometer)
T_d: 150.0 ms -- Dwell time (scatterometer)
T_f: 3.562|6.205 ms -- Time of flight (scatterometer)
T_s: 4e-07 s -- Sampling period (scatterometer)
T_t: 212.0|287.8 K -- Equilibrium side sunlit temperature (scatterometer)
T_tau: 11.06 ms -- Pulse repetition interval (scatterometer)
T_temp: 190.4|322.3 K -- Temperature (scatterometer)
T_u: 169.3|196.6 K -- Equilibrium umbra temperature (scatterometer)
U: 0.95  -- Uptime (scatterometer)
U_B: 38.37|51.4 % -- Instantaneous battery usage (scatterometer)
U_C: 104200.0|6286000.0 % -- Communication usage (scatterometer)
U_D: 0.1475|0.6146 % -- Data storage usage (scatterometer)
U_P: 39.06|92.11 % -- Orbital average power usage (scatterometer)
V_adc: -1.0|1.0 V -- ADC voltage limits (scatterometer)
V_c: 147800000.0|3864000000.0 m^2/s -- Collection volume (scatterometer)
W_s: 1193.0|1498.0 km -- Swath width (scatterometer)
W_ss: 1193.0|1498.0 km -- Total scan swath (scatterometer)
a: 22.08|577.1 km -- Footprint length (scatterometer)
a_g: 22.08|46.33 km -- Azimuthal footprint length (scatterometer)
a_r: 536.4|577.1 km -- Radial footprint length (scatterometer)
a_rc: 536.4|577.1 km -- Composite footprint width (scatterometer)
alpha_e: 1.367|6.727 deg -- Earth angle of swath (scatterometer)
alpha_phi: 5.36 deg -- Elevation look Earth angle (scatterometer)
atten: 0.0 dB -- Output Attenuator  (scatterometer)
c_omega: 1631.0|1773.0 km -- Scan chord (scatterometer)
capture_size: 2048.0  -- Capture size  (scatterometer)
e_G: 0.0 km -- Geolocation error (scatterometer)
e_gamma: 0.0 deg -- Azimuth look angle error (scatterometer)
e_phi: 0.0 deg -- Elevation look angle error (scatterometer)
eta_rcnv: 85.0|95.0 % -- Radar power conversion efficiency (scatterometer)
eta_rpa: 50.0 % -- Radar power amplifier efficiency (scatterometer)
eta_rsw: 0.9|0.99  -- Radar switching efficiency (scatterometer)
f_Dx: -10.67|10.68 kHz -- Two-way echo doppler shift across the cross-track footprint (scatterometer)
f_Dy: 76.05|214.5 kHz -- Two-way echo doppler shift across the along-track footprint (scatterometer)
f_LO: 100.0 kHz -- LO frequency offset (scatterometer)
f_adc: 2.5 MHz -- Sampling rate  (scatterometer)
lambd_CF: 0.05702 m -- Wavelength of the transmitted center frequency (scatterometer)
n_adc: 512.0  -- ADC step count (scatterometer)
n_b: 6.0  -- Number of bursts in a dwell (scatterometer)
n_bp: 263.5  -- Ideal digital bandpass filter bin count (scatterometer)
n_d: 12.0  -- Number of looks in a dwell (scatterometer)
n_f: 8.0  -- FFT power (scatterometer)
n_fo: 2.0  -- FFT overlaps (scatterometer)
n_l: 1.0  -- Number of looks in a burst (scatterometer)
n_n: 1.0  -- Number of noise-only looks in a burst (scatterometer)
n_p: 2.0  -- Number of pulses in a burst (scatterometer)
n_rf: 1.0  -- Number of rf signals (scatterometer)
n_s: 16380.0  -- Total samples  (scatterometer)
numb_captures: 8.0  -- Number of captures (scatterometer)
phi: 35.0 deg -- Elevation look angle (scatterometer)
phi_e: 16.55|53.45 deg -- Look edge angle (scatterometer)
phi_e2: 16.55|53.45 deg -- Look edge coordinate angle (scatterometer)
phi_e2max: 53.45 deg -- Look edge max placeholder (scatterometer)
phi_e2min: 16.55 deg -- Look edge min placeholder (scatterometer)
phi_e2sign: 2.0  -- Look edge sign comparison (scatterometer)
phi_et: 0.2889|0.9328  -- Minimum errorless look edge angle (scatterometer)
phi_t: 35.0 deg -- Target elevation look angle (scatterometer)
pol: 1.0  -- Polarizations (scatterometer)
psi: 0.0|360.0 deg -- Azimuth look angle (scatterometer)
q_netS: 96.91|527.0 W -- Direct sun net heat flux (scatterometer)
q_netc: -476.3|-353.1 W -- Cooling net heat flux (scatterometer)
q_nett: -352.0|-12.16 W -- Terminator net heat flux (scatterometer)
q_netu: -435.4|-317.1 W -- Umbra net heat flux (scatterometer)
q_outS: 481.0|1139.0 W -- Heat dissipation rate (scatterometer)
q_outu: 46.72|104.0 W -- Heat dissipation rate (scatterometer)
q_s: 16.53|24.04 W -- Scatterometer waste heat (scatterometer)
r_Dx: 11.86|20.67 m -- Doppler resolution at the cross-track axis (scatterometer)
r_Dy: 13.0|68.75 m -- Doppler resolution at the along-track axis (scatterometer)
r_g: 22.08|46.33 km -- Azimuthal resolution cell width (scatterometer)
r_r: 35.76|38.48 km -- Radial resolution cell width (scatterometer)
r_rrd: 58.84 m -- Range resolution (scatterometer)
r_s: 74.95 m -- Line-of-sight resolution (scatterometer)
r_xx: 35.76|38.48 km -- X resolution cell width at the x axis (scatterometer)
r_xy: 22.08|46.33 km -- X resolution cell width at the y axis (scatterometer)
r_yx: 22.08|46.33 km -- Y resolution cell width in the x axis (scatterometer)
r_yy: 35.76|38.48 km -- Y resolution cell width in the y axis (scatterometer)
rho_A: 54.0 1/m -- Solar + antenna + emisive area density (scatterometer)
rho_G: 3993.0|6249.0 1/m^3 -- Gain density (scatterometer)
rho_S_: 1008.0|1697.0 W/m^3 -- Orbital average solar density (scatterometer)
rho_qS: 1938.0|10540.0 W/m^3 -- Sunlit heat flux density (scatterometer)
rho_qavg: -4604.0|1318.0 W/m^3 -- Average heat flux density (scatterometer)
rho_qc: -9526.0|-7062.0 W/m^3 -- Cooling heat flux density (scatterometer)
rho_qt: -7040.0|-243.2 W/m^3 -- Terminator heat flux density (scatterometer)
rho_qu: -8709.0|-6343.0 W/m^3 -- Umbra heat flux density (scatterometer)
sigma: 402300.0|3445000000.0 m^2 -- Radar cross section (scatterometer)
sigma_0: 0.0005095|1.933  -- Normalized radar cross-section (scatterometer)
sigma_0n: 13.0|17.5 dB -- Nadir normalized radar cross-section (scatterometer)
t_Rx: 6.554 ms -- Receive window (scatterometer)
t_Rx0: 3.501 ms -- Receive start time (scatterometer)
t_dRx: 1.0 ms -- Receive delay (scatterometer)
t_dTx: 1.0 ms -- Transmit delay (scatterometer)
t_f: 102.4 us -- FFT Time (scatterometer)
t_r: 1.0 us -- Emitted pulse rise time (scatterometer)
t_s: 8.5e-07 s -- Switching time (scatterometer)
t_sRF: 0.35 us -- RF switching time (scatterometer)
t_ss: 0.5 us -- Software switching time (scatterometer)
tau: 2.5 ms -- Pulse length (scatterometer)
tau_e: 5.142 ms -- Echo length (scatterometer)
tau_o: 0.0 s -- Pulse overlap (scatterometer)
tau_o0: 0.0 s -- Early pulse overlap (scatterometer)
tau_o1: 0.0 s -- Late pulse overlap (scatterometer)
theta: 38.28 deg -- Incidence angle (scatterometer)
theta_e: 17.92|60.17 deg -- Look edge incidence angle (scatterometer)
theta_t: 8.0 deg -- Transition incidence angle (scatterometer)
v_r: -5.312e-13|0.0 m/s -- Radial look speed (scatterometer)
v_s: 2169.0|6114.0 m/s -- Line of sight velocity (scatterometer)
v_sx: -304.4|304.4 m/s -- Two-way line of sight velocity in the cross-track direction (scatterometer)
v_sy: 2169.0|6114.0 m/s -- Two-way line of sight velocity in the along-track direction (scatterometer)
Test (scatterometer): RFIN_MIN.rc < P_r < RFIN_MAX.rc
	Result: [91mfail[0m
	RFIN_MIN: -133.9|-132.3 dBmW
	P_r: -188.3|-135.4 dBW
	RFIN_MAX: -83.19|-81.59 dBmW
Test (scatterometer): theta > theta_t
	Result: [92mpass[0m
Test (scatterometer): R_s**2 < (R_E.c + h.o)**2 + R_E.c**2
	Result: [92mpass[0m
Test (scatterometer): 0.314159 < theta < 1.0472
	Result: [92mpass[0m
Test (scatterometer): R_s >= h.o
	Result: [92mpass[0m
Test (scatterometer): R_g < d_H.o/2
	Result: [92mpass[0m
Test (scatterometer): R_s < 2*R_E.c + h.o
	Result: [92mpass[0m
Test (scatterometer): W_s < d_H.o
	Result: [92mpass[0m
Test (scatterometer): U_P <= 1
	Result: [92mpass[0m
Test (scatterometer): U_B <= 1
	Result: [92mpass[0m
Test (scatterometer): tau < T_tau
	Result: [92mpass[0m
Test (scatterometer): F >= 3
	Result: [92mpass[0m
Test (scatterometer): r_xx <= W_s
	Result: [92mpass[0m
Test (scatterometer): r_xy <= W_s
	Result: [92mpass[0m
Test (scatterometer): r_r <= a_r
	Result: [92mpass[0m
Test (scatterometer): r_g <= a_g
	Result: [92mpass[0m
Test (scatterometer): r_r >= r_rrd or O_r != "footprint"
	Result: [92mpass[0m
Test (scatterometer): tau < tau_e
	Result: [92mpass[0m
Test (scatterometer): T_d < U*T.o
	Result: [92mpass[0m
Test (scatterometer): f_LO > B_r/2
	Result: [91mfail[0m
	If the LO frequency offset isn't high enough to separate the LO frequency from any possible received frequencies, higher noise will result.
	f_LO: 100.0 kHz
	B_r: 2.03 MHz
Test (scatterometer): B_bp < f_adc
	Result: [92mpass[0m
Test (satellite): M_up > 0
	Result: [92mpass[0m
Test (satellite): M_dn > 0
	Result: [92mpass[0m
Test (satellite): t_n < T_n
	Result: [92mpass[0m
Test (satellite): t_bIr < T_bIr
	Result: [92mpass[0m
Test (satellite): T_n > T.o
	Result: [92mpass[0m
Test (satellite): B > 0
	Result: [92mpass[0m
Test (satellite): U_D < 1
	Result: [92mpass[0m
Test (satellite): U_C < 1
	Result: [91mfail[0m
	Data transfer usage must be less than 100%.
	U_C: 114.5|6765.0 %
Test (solar_cell): eta < 0.395
	Result: [92mpass[0m
Test (trill): 0.5*R*X <= B_Tx/2 <= 10*R*X
	Result: [92mpass[0m
Test (camera): S_d < S_max
	Result: [92mpass[0m
Test (orbit): G_a < G_S.c
	Result: [92mpass[0m
Test (orbit): d_H < 2*R_E.c
	Result: [92mpass[0m
