Run on commit 7c306484c4079c0b of file radar.on (branch: 0.5.0)
--------------------------------
Oneil 0.13
Type 'help' for a list of commands or see the README for more information.
--------------------------------------------------------------------------------
Loading model radar.on...
--------------------------------------------------------------------------------
[94mModel: radar[0m
[38;5;208mDesign: default[0m
Parameters: 200 (53 independent, 143 dependent, 4 constants)
Tests: 66/70 ([1m[91mFAIL[0m)
--------------------------------------------------------------------------------
U_P: 13.99|62.4 %
U_B: 19.83|24.75 %
P_r: -138.9|-126.3 dBW
S_N: 16.41|31.82 dB
K_p: 0.4366|0.4463 
R: 513.9|696.5 km
U_D: 0.00216|0.01124 %
U_C: 209.7|3630.0 %
T_temp: 200.7|267.2 K
T: 263.0|303.0 K
([94mradar[0m) >>> tree
([94mradar[0m) >>> summarize
--------------------------------------------------------------------------------
[94mModel: radar[0m
[38;5;208mDesign: default[0m
Parameters: 200 (53 independent, 143 dependent, 4 constants)
Tests: 66/70 ([1m[91mFAIL[0m)
--------------------------------------------------------------------------------
U_P: 13.99|62.4 %
U_B: 19.83|24.75 %
P_r: -138.9|-126.3 dBW
S_N: 16.41|31.82 dB
K_p: 0.4366|0.4463 
R: 513.9|696.5 km
U_D: 0.00216|0.01124 %
U_C: 209.7|3630.0 %
T_temp: 200.7|267.2 K
T: 263.0|303.0 K
([94mradar[0m) >>> all
ADC_Bits_pp: 35.1|180.7 bits -- ADC Max output bits peak to peak (radar)
ADC_Vin_pp: 33.94|174.8 mV -- DC Voltage In Pk to Pk (radar)
A_c: 2.641e+17|4.851e+17 km^2 -- Measurement cell area (radar)
B: 56.08 kHz -- Echo bandwidth (radar)
BRF: 0.005411 kHz -- Burst repetition frequency (radar)
B_D: 50.04 kHz -- Doppler bandwidth across the combined footprint (radar)
B_Dc: 50.04 kHz -- Doppler bandwidth across a single measurement cell (radar)
B_bp: 100.0 kHz -- Target bandpass filter width (radar)
B_f: 9766.0 Hz -- FFT bin width (radar)
B_n: 0.0003115 MHz -- Necessary bandwidth (radar)
B_r: 107.4 kHz -- Receive bandwidth (radar)
B_t: 0.04897 kHz -- Radar transmit bandwidth (radar)
B_x: 51.34 kHz -- Excess bandwidth (radar)
C_I: 0.0  -- Coherent integration (radar)
D_r: 0.3315  -- Duty cycle (radar)
Delta: 0.001953 V -- Quantization step size (radar)
DeltaT_f: 0.8063 us -- FFT Time Step (radar)
EIRP: 36.19 W -- Effective isotropic radiated power (radar)
F_n: 1.622  -- Receiver noise factor (radar)
F_np: 0.008782|0.02599  -- Nadir-pointed pass factor (radar)
F_omega: 1.0  -- Scan factor (radar)
G_egamma: 8.727|120.1 km -- Azimuthal geolocation error (radar)
G_er: 48.06|98.63 km -- Radial geolocation error (radar)
G_f: 10.2  -- Frontend gain (radar)
K_p: 0.4366|0.4463  -- Normalized standard deviation (radar)
L: 2.832e+25|1.361e+26 m^4 -- Total loss (radar)
L_D: 1.0  -- Doppler loss (radar)
L_Rx: 4.086|5.414 dB -- Total loss after antenna input (radar)
L_a: 1.12  -- Atmospheric loss (radar)
L_g: 9.87e+24|3.494e+25 m^4 -- Two-way geometric spreading loss (radar)
L_in: 1.105e+25|3.914e+25 m^4 -- Total loss at antenna input (radar)
L_mult: 0.0 dB -- Multipath Loss (radar)
L_p: 160.8|163.6 dB -- One-way radar free-space path loss (radar)
L_pol: 1.0|3.0 dB -- Polarization Loss (radar)
L_pt: 3.0|5.0 dB -- Pointing loss (radar)
L_r: 4.0|5.0 dB -- Receive loss (radar)
L_s: 2.87|3.896  -- Total system loss (radar)
L_sm: 1.0  -- Smear loss (radar)
L_sp: 1.02|1.1  -- Signal processing loss (radar)
L_t: 1.0  -- Transmit loss (radar)
L_tau: 1.0  -- Pulse loss (radar)
M_dn: 10.5|17.25 dB -- Downlink Margin (radar)
Mixer_Pout: -43.01|-28.77 dBmW -- Mixer Power (radar)
Mixer_Vpp: 5.657|29.13 mV -- Mixer Vout Peak-to-Peak (radar)
Mixer_Vrms: 4.0|20.6 mV -- Mixer Vout RMS (radar)
NESZ: 27.68|183.2  -- Noise-equivalent Sigma Zero (radar)
N_b: 15.0  -- Number of co-processed resolution bins (radar)
N_f: 127.0  -- Number of FFTs (radar)
N_rs: 8339.0|11440.0  -- Number of samples in the time of flight (radar)
O_D: none | none -- Doppler compensation mode (radar)
O_c: ICW | ICW -- Compression mode (radar)
O_r: footprint | footprint -- Resolution mode (radar)
Omega: 81.8 deg -- Maximum latitude of swath (radar)
P: 10.55|22.02 W -- Satellite power (radar)
PRF: 0.01623 kHz -- Pulse repetition frequency (radar)
P_N: -132.2|-130.7 dBmW -- Noise power (radar)
P_S: -114.3|-100.4 dBmW -- Received signal power (radar)
P_S_test: -100.0 dBmW -- Test Signal Power (radar)
P_dn: -94.5|-87.75 dBmW -- Downlink Recieved Power (radar)
P_max: 24.99|28.22 W -- Satellite peak power (radar)
P_qn: 3.179e-07 V^2 -- Quantization noise power (radar)
P_r: -138.9|-126.3 dBW -- Signal Power at antenna (radar)
P_rs: 4.0|5.5 W -- Scatterometer support power (radar)
P_s: 6.501|8.575 W -- Scatterometer power (radar)
P_s_: 0.6501|0.8575 W -- Orbital average radar power (radar)
P_sp: 11.55|14.78 W -- Scatterometer peak power (radar)
P_t: 35.5 dBmW -- Radar transmit power (radar)
Power_front: -35.01|-20.77 dBmW -- Front End Recieve Power (radar)
R: 513.9|696.5 km -- Average spatial resolution (radar)
R_I: 50.0 Ohm -- Impedance (radar)
R_IQ: 80.0 Mbps -- IQ datarate (radar)
R_T_: 1382.0|1799.0 kB/day -- Average data collection rate (radar)
R_c: 0.01507 MHz/s -- Chirp rate (radar)
R_d: 1088.0 bps -- Radar data collection rate (radar)
R_d_: 108.8 bps -- Average radar data collection rate (radar)
R_g: 0.0|452.2 km -- Ground range (radar)
R_r: 48.58 kbps -- Downlink loaded bit rate (radar)
R_r_: 47.99|568.2 kB/day -- Radar Communications Throughput (radar)
R_rc: 1.0 Mbps -- Downlink Bitrate (radar)
R_s: 500.0|685.9 km -- Slant range (radar)
SNR: -22.63|-14.42 dB -- Signal-to-noise ratio (radar)
SNR_test: 30.74|32.18 dB -- Test SNR (radar)
S_IQ: 32.0 b -- Sample size (radar)
S_N: 16.41|31.82 dB -- Signal to noise ratio (radar)
S_adc: 10.0 b -- ADC bit resolution (radar)
S_d: 0.0 km -- Dwell step (radar)
S_f: 256.0  -- FFT size (radar)
S_int: 32.0 b -- Max integer size (radar)
S_omega: 0.0 km -- Scan step (radar)
S_p: 5465.0 kB -- Pass data volume (radar)
S_rc: 1024.0 bit -- Downlink Packet Size (radar)
S_rch: 56.0 bit -- Downlink Packet Overhead (radar)
S_tau: 4.0 B -- Pulse data size (radar)
T: 263.0|303.0 K -- Temperature (radar)
TB: 0.1592  -- Time-bandwidth product (radar)
T_P1: 4.971|133.9 hr -- Always-on battery life (radar)
T_S: 257.2|317.7 K -- Equilibrium sunlit temperature (radar)
T_T: 249.4|293.4 K -- Equilibrium terminator temperature (radar)
T_d: 1.0 s -- Dwell time (radar)
T_f: 3.336|4.576 ms -- Time of flight (radar)
T_pkt: 21.08 ms -- Downlink Packet Duration (radar)
T_s: 4e-07 s -- Sampling period (radar)
T_t: 233.2|287.4 K -- Equilibrium side sunlit temperature (radar)
T_tau: 9.805 ms -- Pulse repetition interval (radar)
T_temp: 200.7|267.2 K -- Temperature (radar)
T_u: 139.2|182.4 K -- Equilibrium umbra temperature (radar)
U: 0.1  -- Uptime (radar)
U_B: 19.83|24.75 % -- Instantaneous battery usage (radar)
U_C: 209.7|3630.0 % -- Communication usage (radar)
U_D: 0.00216|0.01124 % -- Data storage usage (radar)
U_P: 13.99|62.4 % -- Orbital average power usage (radar)
U_P1: 115.1|448.1 % -- Always-on orbital average power usage (radar)
V_adc: -1.0|1.0 V -- ADC voltage limits (radar)
V_c: 726100000.0|753700000.0 m^2/s -- Collection volume (radar)
W_s: 1028.0|1067.0 km -- Swath width (radar)
a: 458.6|789.0 km -- Footprint length (radar)
a_g: 458.6|789.0 km -- Azimuthal footprint length (radar)
a_r: 575.8|614.8 km -- Radial footprint length (radar)
a_rc: 575.8|614.8 km -- Composite footprint width (radar)
alpha_e: 0.0|4.062 deg -- Earth angle of swath (radar)
alpha_phi: 6.824 deg -- Elevation look Earth angle (radar)
atten: 0.0 dB -- Output Attenuator  (radar)
capture_size: 2048.0  -- Capture size  (radar)
e_G: 8.727|120.1 km -- Geolocation error (radar)
e_gamma: 1.0|10.0 deg -- Azimuth look angle error (radar)
e_phi: 1.0|10.0 deg -- Elevation look angle error (radar)
eta_rcnv: 85.0|95.0 % -- Radar power conversion efficiency (radar)
eta_rpa: 50.0 % -- Radar power amplifier efficiency (radar)
eta_rsw: 0.9|0.99  -- Radar switching efficiency (radar)
f_D: -11.01|14.01 kHz -- Doppler shift (radar)
f_De: -22.03|28.02 kHz -- Two-way echo doppler shift (radar)
f_LO: 100.0 kHz -- LO frequency offset (radar)
f_adc: 2.5 MHz -- Sampling rate  (radar)
lambd_CF: 0.05702 m -- Wavelength of the transmitted center frequency (radar)
n_adc: 512.0  -- ADC step count (radar)
n_b: 33.0  -- Number of bursts in a dwell (radar)
n_bp: 11410.0  -- Ideal digital bandpass filter bin count (radar)
n_d: 101.0  -- Number of looks in a dwell (radar)
n_f: 8.0  -- FFT power (radar)
n_fo: 2.0  -- FFT overlaps (radar)
n_l: 2.0  -- Number of looks in a burst (radar)
n_n: 1.0  -- Number of noise-only looks in a burst (radar)
n_p: 3.0  -- Number of pulses in a burst (radar)
n_rf: 1.0  -- Number of rf signals (radar)
n_s: 16380.0  -- Total samples  (radar)
numb_captures: 8.0  -- Number of captures (radar)
omega: 0.0 rpm -- Scanning rate (radar)
phi: 0.0|10.0 deg -- Elevation look angle (radar)
phi_e: 0.0|41.2 deg -- Look edge angle (radar)
phi_e2: -31.2|41.2 deg -- Look edge coordinate angle (radar)
phi_e2max: 41.2 deg -- Look edge max placeholder (radar)
phi_e2min: -31.2 deg -- Look edge min placeholder (radar)
phi_e2sign: 0.0  -- Look edge sign comparison (radar)
phi_et: 0.01745|0.7017  -- Minimum errorless look edge angle (radar)
phi_t: 0.0 deg -- Target elevation look angle (radar)
psi: 0.0|360.0 deg -- Azimuth look angle (radar)
q_netS: -9.859|9.073 W -- Direct sun net heat flux (radar)
q_netc: -15.53|-9.013 W -- Cooling net heat flux (radar)
q_nett: -14.51|-1.818 W -- Terminator net heat flux (radar)
q_netu: -22.97|-20.34 W -- Umbra net heat flux (radar)
q_outS: 14.18|33.38 W -- Heat dissipation rate (radar)
q_outu: 1.217|3.623 W -- Heat dissipation rate (radar)
q_s: 0.3444|0.5295 W -- Scatterometer waste heat (radar)
r_Dx: 1.665|2.285 m -- Doppler resolution at the cross-track axis (radar)
r_Dy: 1.665|4.3 m -- Doppler resolution at the along-track axis (radar)
r_g: 458.6|789.0 km -- Azimuthal resolution cell width (radar)
r_r: 38.39|40.99 km -- Radial resolution cell width (radar)
r_rrd: 3007000.0|3061000.0 m -- Range resolution (radar)
r_s: 3061000.0 m -- Line-of-sight resolution (radar)
r_xx: 575.8|614.8 km -- X resolution cell width at the x axis (radar)
r_xy: 458.6|789.0 km -- X resolution cell width at the y axis (radar)
r_yx: 458.6|789.0 km -- Y resolution cell width in the x axis (radar)
r_yy: 575.8|614.8 km -- Y resolution cell width in the y axis (radar)
sigma: 5269000000000.0|27280000000000.0 m^2 -- Radar cross section (radar)
sigma_0: 13.0|17.5 dB -- Normalized radar cross-section (radar)
t_Rx: 6.554 ms -- Receive window (radar)
t_Rx0: 3.251 ms -- Receive start time (radar)
t_dRx: 0.0 ms -- Receive delay (radar)
t_dTx: 0.0 ms -- Transmit delay (radar)
t_f: 102.4 us -- FFT Time (radar)
t_r: 1.0 us -- Emitted pulse rise time (radar)
t_rc: 20.0 ms -- Downlink Inter-Packet Delay (radar)
t_s: 8.5e-07 s -- Switching time (radar)
t_sRF: 0.35 us -- RF switching time (radar)
t_ss: 0.5 us -- Software switching time (radar)
tau: 3.25 ms -- Pulse length (radar)
tau_e: 4.49 ms -- Echo length (radar)
tau_o: 0.0 s -- Pulse overlap (radar)
tau_o0: 0.0 s -- Early pulse overlap (radar)
tau_o1: 0.0 s -- Late pulse overlap (radar)
theta: 0.0|10.79 deg -- Incidence angle (radar)
theta_e: 0.0|45.27 deg -- Look edge incidence angle (radar)
theta_t: 8.0 deg -- Transition incidence angle (radar)
v_r: -0.0 m/s -- Radial look speed (radar)
v_s: 0.0|5018.0 m/s -- Line of sight velocity (radar)
v_s2: -3946.0|5018.0 m/s -- Edge line of sight velocity (radar)
([94mradar[0m) >>> dependents
([94mradar[0m) >>> independent
radar:
    Target elevation look angle: phi_t = 0.0 deg
    Azimuth look angle: psi = 0.0|360.0 deg
    Pulse length: tau = 3.25 ms
    Dwell time: T_d = 1.0 s
    Number of looks in a burst: n_l = 2.0 
    Number of noise-only looks in a burst: n_n = 1.0 
    RF switching time: t_sRF = 0.35 us
    Emitted pulse rise time: t_r = 1.0 us
    Software switching time: t_ss = 0.5 us
    Receive delay: t_dRx = 0.0 ms
    Transmit delay: t_dTx = 0.0 ms
    FFT power: n_f = 8.0 
    FFT overlaps: n_fo = 2.0 
    Target bandpass filter width: B_bp = 100.0 kHz
    Capture size : capture_size = 2048.0 
    Number of captures: numb_captures = 8.0 
    Sampling rate : f_adc = 2.5 MHz
    ADC bit resolution: S_adc = 10.0 b
    Max integer size: S_int = 32.0 b
    Pulse data size: S_tau = 4.0 B
    ADC voltage limits: V_adc = -1.0|1.0 V
    Impedance: R_I = 50.0 Ohm
    Radar power amplifier efficiency: eta_rpa = 50.0 %
    Radar power conversion efficiency: eta_rcnv = 85.0|95.0 %
    Radar switching efficiency: eta_rsw = 0.9|0.99 
    Coherent integration: C_I = 0.0 
    Number of rf signals: n_rf = 1.0 
    Output Attenuator : atten = 0.0 dB
    Radar transmit power: P_t = 35.5 dBmW
    Compression mode: O_c = ICW | ICW
    Receiver noise factor: F_n = 1.6218 
    Scatterometer support power: P_rs = 4.0|5.5 W
    Number of co-processed resolution bins: N_b = 15.0 
    Test Signal Power: P_S_test = -100.0 dBmW
    Normalized radar cross-section: sigma_0 = 13.0|17.5 dB
    Transition incidence angle: theta_t = 8.0 deg
    LO frequency offset: f_LO = 100.0 kHz
    Resolution mode: O_r = footprint | footprint
    Scanning rate: omega = 0.0 rpm
    Transmit loss: L_t = 1.0 
    Atmospheric loss: L_a = 1.12 
    Receive loss: L_r = 4.0|5.0 dB
    Signal processing loss: L_sp = 1.02|1.1 
    Doppler compensation mode: O_D = none | none
    Uptime: U = 0.1 
    Multipath Loss: L_mult = 0.0 dB
    Pointing loss: L_pt = 3.0|5.0 dB
    Polarization Loss: L_pol = 1.0|3.0 dB
    Downlink Bitrate: R_rc = 1.0 Mbps
    Downlink Packet Size: S_rc = 1024.0 bit
    Downlink Packet Overhead: S_rch = 56.0 bit
    Downlink Inter-Packet Delay: t_rc = 20.0 ms
    Temperature: T = 263.0|303.0 K
balloon_test:
    Balloon Altitude : alt = 10.0 km
constants:
    Speed of light: c = 299792460.0 m/s
    Boltzmann constant: k = 1.380649e-23 m^2*kg/s^2/K
    Standard temperature: T_s = 293.15 K
    Reference temperature: T_0 = 290.0 K
    Stefan-Boltzmann constant: sigma_b = 5.6703744e-08 W/m^2/K^4
    Earth IR radiation at Earth's surface: q_I = 216.0|258.0 W/m^2
    Earth radius: R_E = 6378136.6 m
    Earth Surface Area : SA_E = 5.096e+20 km^2
    Obliquity of Earth's rotation: epsilon = 0.40910518 
    Earth albedo: a_E = 0.3 
    Standard Earth gravity: g_E = 9.81 m/s^2
    Earth temperature: T_P = 288.0 K
    Reflection coefficient: Rho_S = 0.1|0.2 
    Earth rotation period: T_E = 23.93447 hr
    Earth ocean fraction: C_o = 0.708 
    Angular diameter of the sun from Earth: omega = 0.001 
    Solar luminosity in Earth orbit: L = 127000.0 
    Solar irradiance in LEO: G_S = 1360.4|1361.4 W/m^2
    Solar angular diameter in LEO: Theta_S = 0.53 deg
    CubeSat launch cost: C_U = 20.0|60.0 k$
antenna:
    Frequency allocation: f_a = 5.2551|5.26 GHz
    Chirp frequency: f = 5.25655|5.25855 GHz
    1st beamwidth factor: alpha_1 = 1.12|1.25 
    2nd beamwidth factor: alpha_2 = 0.98|1.18 
    1st length: L_1 = 0.05 m
    2nd length: L_2 = 0.05 m
    Voltage standing wave ratio: VSWR = 1.1 
    Shape factor: F = 1.0 
    Radar antenna gain: G = 10.2 
    Antenna multiple: M = 1.0 
    Deployable area factor: F_D = 1.0 
radar_chain:
    PMA3-63GLN+ Gain: Gain_PMA3 = 25.0 dB
    PMA3-63GLN+ Noise Factor: NF_PMA3 = 0.9|1.34 dB
    Antenna to LNA1 Loss: Loss_Antenna = 1.0|2.0 dB
    LNA1 Loss: Loss_LNA1 = 3.5|3.6 dB
    LNA2 Loss: Loss_LNA2 = 0.5|1.0 dB
    LNA3 Loss: Loss_LNA3 = 10.0 dB
    LNA4 Gain: Gain_LNA4 = 16.5 dB
    LNA4 Noise Factor: NF_LNA4 = 1.1|1.4 dB
    LNA4 Loss: Loss_LNA4 = 1.0 dB
    Mixer Downconversion Loss: Mixer_Loss = 8.0 dB
    Mixer Impedance: Mixer_Z = 320.0 Ohm
    Baseband Amplifier Gain: G_bb = 6.0 
    ADC Resolution bits: ADC_Res = 1024.0 bits
    ADC Offset bits: ADC_Offset = 10.0 bits
    ADC Absolute max range: ADC_Max = 1000.0 mV
    ADC Numb Channels: ADC_Channels = 2.0 
    ADC Sensitivity Bits: ADC_Min_Sensitivity = 6.0 bits
    Front End Test Power: Test_PIN = -10.0 dBmW
    Balloon Altitude: A_Balloon = 30.0 km
    Slant_Angle: A_slant = 22.5 deg
satellite:
    Mass: m = 50.0 kg
    Length x: l_x = 1.0 m
    Length y: l_y = 1.0 m
    Length z: l_z = 0.5 m
    Earth-facing solar panel area: A_E = 1e-06|1.73e-06 cm^2
    Sun-facing solar panel area: A_S = 1e-06|1.73e-06 cm^2
    Min elevation angle: a_min = 10.0 deg
    Polarization loss: L_p = 3.0 dB
    Misalignment loss: L_m = 0.0|2.0 dB
    Network session duration: t_n = 5.0|15.0 min
    Station contact interval: T_g = 6.0|24.0 hr
    Iridium beacon duration: t_bIr = 5.0|15.0 s
    Iridium beacon repeat interval: T_bIr = 7.5|15.0 min
    Battery power telemetry size: S_bt = 1.0 B
    Battery power telemetry count: n_bt = 2.0 
    Temperature telemetry size: S_t = 1.0 B
    Temperature telemetry count: n_t = 10.0 
    Vitals telemetry collection interval: T_v = 10.0 s
    Sun sensor telemetry size: S_ss = 4.0 B
    Sun sensor telemetry count: n_ss = 6.0 
    Magnetometer telemetry size: S_m = 3.0 B
    Magnetometer telemetry count: n_m = 1.0 
    MRP size: S_mrp = 32.0 b
    MRP count: n_mrp = 3.0 
    Attitude determination telemetry collection interval: T_ad = 0.2|1.0 s
    MCU file size: S_f = 1.0|30.0 kB
    File collection period: T_f = 2.0 week
    Deployment tumble about body x-axis: theta_x = -5.0 deg/s
    Deployment tumble about body y-axis: theta_y = 0.0 deg/s
    Deployment tumble about body z-axis: theta_z = 1.0 deg/s
    Attitude determination and control error: e_adcs = 1.0|10.0 deg
nest:
    Network size: N = 1.0 
    Ground station latitude: theta_lat = 40.299589 deg
    Ground station longitude: theta_lon = -111.72827 deg
    Transmit Power: P_Tx = 38.0 dBmW
    Transmission Line Losses: L = 1.0|2.0 dB
    Ground Antenna aperture efficiency : Ae_gnd = 0.55|0.8 deg
    Ground Transmission Line Loss: L_gnd = 2.0 dB
    Ground Receiver Sensitivity: S_gnd = -105.0 dBmW
    Yagi distance from Rotator CM : dist_y = 0.87 m
    Dish distance from Rotator CM : dist_d = 0.2 m
    Angular Velocity of Earth: E_v = 7.27e-05 rad/s
    Time to match satellite : t_m = 0.5 s
    Aluminum Pipe weight: W_p = 1.14 kg
    Low noise Amplifier current: I_lna = 65.0 mA
    Low Noise Amplifier Power : P_lna = 1.0 W
    Rotator Duty Cycle : d_r = 50.0 %
    Radar Uplink Duty Cycle : d_ra = 33.0 %
    Uplink Duty Cycle : d_tx = 100.0 %
    Downlink Duty Cycle : d_rx = 5.0 %
    Balloon test duration: t_b = 1.0|6.0 hr
    Utah temperature bounds: UT_tmin = 258.15 K
    Utah temperature bounds: UT_tmax = 310.928 K
    Utah wind speed max : UT_w = 18.0 m/s
([94mradar[0m) >>> test
Test (radar): RFIN_MIN.rc < P_r < RFIN_MAX.rc
	Result: [92mpass[0m
Test (radar): theta < theta_t
	Result: [91mfail[0m
	The range of actual incidence angles should be within the transition incidence angle for the model to be valid.
	theta: 0.0|10.79 deg
	theta_t: 8.0 deg
Test (radar): M_dn > 1
	Result: [92mpass[0m
Test (radar): par_min(f.a + f_D) > par_min(f_a.a)
	Result: [92mpass[0m
Test (radar): par_max(f.a + f_D) < par_max(f_a.a)
	Result: [92mpass[0m
Test (radar): R_s**2 < (R_E.c + h.o)**2 + R_E.c**2
	Result: [92mpass[0m
Test (radar): R_s >= h.o
	Result: [92mpass[0m
Test (radar): R_g < d_H.o/2
	Result: [92mpass[0m
Test (radar): R_s < 2*R_E.c + h.o
	Result: [92mpass[0m
Test (radar): W_s < d_H.o
	Result: [92mpass[0m
Test (radar): U_P <= 1
	Result: [92mpass[0m
Test (radar): U_B <= 1
	Result: [92mpass[0m
Test (radar): tau < T_tau
	Result: [92mpass[0m
Test (radar): r_xx <= W_s
	Result: [92mpass[0m
Test (radar): r_xy <= W_s
	Result: [92mpass[0m
Test (radar): r_r <= a_r
	Result: [92mpass[0m
Test (radar): r_g <= a_g
	Result: [92mpass[0m
Test (radar): r_r >= r_rrd or O_r != "footprint"
	Result: [92mpass[0m
Test (radar): tau < tau_e
	Result: [92mpass[0m
Test (radar): T_d < U*T.o
	Result: [92mpass[0m
Test (radar): f_LO > B_r/2
	Result: [92mpass[0m
Test (radar): B_bp < f_adc
	Result: [92mpass[0m
Test (radar): par_max(f_a.a) - par_min(f_a.a) > B_n
	Result: [92mpass[0m
Test (satellite): M_up > 0
	Result: [92mpass[0m
Test (satellite): M_dn > 0
	Result: [92mpass[0m
Test (satellite): par_max(f_dn.t + f_DTrd) < par_max(f_dna.t)
	Result: [92mpass[0m
Test (satellite): par_min(f_dn.t + f_DTrd) > par_min(f_dna.t)
	Result: [92mpass[0m
Test (satellite): par_max(f_up.t + f_DTru) < par_max(f_upa.t)
	Result: [91mfail[0m
	f_up: 148.9|149.4 MHz
	f_DTru: -3.508|3.519 kHz
	f_upa: 149.1|149.2 MHz
Test (satellite): par_min(f_up.t + f_DTru) > par_min(f_upa.t)
	Result: [91mfail[0m
	f_up: 148.9|149.4 MHz
	f_DTru: -3.508|3.519 kHz
	f_upa: 149.1|149.2 MHz
Test (satellite): PFD < PFD_lim.t
	Result: [92mpass[0m
Test (satellite): t_n < T_n
	Result: [92mpass[0m
Test (satellite): t_bIr < T_bIr
	Result: [92mpass[0m
Test (satellite): T_n > T.o
	Result: [92mpass[0m
Test (satellite): B > 0
	Result: [92mpass[0m
Test (satellite): U_D < 1
	Result: [92mpass[0m
Test (satellite): U_C < 1
	Result: [91mfail[0m
	Data transfer usage must be less than 100%.
	U_C: 114.0|6736.0 %
Test (solar_cell): eta < 0.395
	Result: [92mpass[0m
Test (trill): 0.5*R*X <= B_TxFSK/2 <= 10*R*X
	Result: [92mpass[0m
Test (camera): S_d < S_max
	Result: [92mpass[0m
Test (orbit): G_a < G_S.c
	Result: [92mpass[0m
Test (orbit): d_H < 2*R_E.c
	Result: [92mpass[0m
Test (nest): t_op > t_b
	Result: [92mpass[0m
Test (nest): s3_I.j > I3_m
	Result: [92mpass[0m
Test (nest): s3_P.j > P3
	Result: [92mpass[0m
Test (nest): s2_I.j > I_max.r
	Result: [92mpass[0m
Test (nest): s2_P.j > P2
	Result: [92mpass[0m
Test (nest): max_w.r > W.d + W.y
	Result: [92mpass[0m
Test (nest): T_tn.r > Taz_tot
	Result: [92mpass[0m
Test (nest): T_tn.r > Tel_tot
	Result: [92mpass[0m
Test (nest): UT_w < w_op.y
	Result: [92mpass[0m
Test (nest): UT_w < w_op.d
	Result: [92mpass[0m
Test (trailer): t.j > f_s * W_tot
	Result: [92mpass[0m
Test (trailer): ys.s > f_s * sig_cmm
	Result: [92mpass[0m
Test (trailer): ys.s > f_s * sig_b
	Result: [92mpass[0m
Test (trailer): ys.s > f_s*tau_bs
	Result: [92mpass[0m
Test (trailer): ys_b > f_s*tau_b
	Result: [92mpass[0m
Test (trailer): ys_t > f_s * tau_bt
	Result: [92mpass[0m
Test (trailer): ys.s > f_s * tau_mt
	Result: [92mpass[0m
Test (trailer): ys_b > f_s* sig_bb
	Result: [92mpass[0m
Test (trailer): ys.y > f_s * sig_y
	Result: [92mpass[0m
Test (nest): t_op > t_b
	Result: [92mpass[0m
Test (nest): s3_I.j > I3_m
	Result: [92mpass[0m
Test (nest): s3_P.j > P3
	Result: [92mpass[0m
Test (nest): s2_I.j > I_max.r
	Result: [92mpass[0m
Test (nest): s2_P.j > P2
	Result: [92mpass[0m
Test (nest): max_w.r > W.d + W.y
	Result: [92mpass[0m
Test (nest): T_tn.r > Taz_tot
	Result: [92mpass[0m
Test (nest): T_tn.r > Tel_tot
	Result: [92mpass[0m
Test (nest): UT_w < w_op.y
	Result: [92mpass[0m
Test (nest): UT_w < w_op.d
	Result: [92mpass[0m
([94mradar[0m) >>> reload
Loading model radar.on...
--------------------------------------------------------------------------------
[94mModel: radar[0m
[38;5;208mDesign: default[0m
Parameters: 200 (53 independent, 143 dependent, 4 constants)
Tests: 66/70 ([1m[91mFAIL[0m)
--------------------------------------------------------------------------------
U_P: 13.99|62.4 %
U_B: 19.83|24.75 %
P_r: -138.9|-126.3 dBW
S_N: 16.41|31.82 dB
K_p: 0.4366|0.4463 
R: 513.9|696.5 km
U_D: 0.00216|0.01124 %
U_C: 209.7|3630.0 %
T_temp: 200.7|267.2 K
T: 263.0|303.0 K
